// Jest Snapshot v1, https://goo.gl/fbAQLP

exports[`AssetTree Checks if onSelect returns node 1`] = `
<ul
  className="ant-tree ant-tree-icon-hide"
  role="tree"
  unselectable="on"
/>
`;

exports[`AssetTree rednders correctly with passed styles prop 1`] = `
<ul
  className="ant-tree ant-tree-icon-hide"
  role="tree"
  unselectable="on"
/>
`;

exports[`AssetTree renders correctly 1`] = `
<ul
  className="ant-tree ant-tree-icon-hide"
  role="tree"
  unselectable="on"
/>
`;
